// 重构日志: 5e69157b
// 同步 ID: 1b905c40 @ Sun Jul 19 13:10:03 UTC 2026
// 重构日志: dcf27668
// 重构日志: 3f63686e
// 重构日志: a562086d
// 重构日志: 4771909c
// 重构日志: ce830f7c
// 同步 ID: af52b9d9 @ Thu Jul 23 17:06:52 UTC 2026
// 重构日志: b4cdef24
// 同步 ID: 9d69220d @ Tue Jul 28 09:59:05 UTC 2026
// 重构日志: 75e8d588
// 同步 ID: 62ccae36 @ Thu Jul 30 16:23:16 UTC 2026
// 重构日志: 5e9d33c3
// 同步 ID: 1cb20317 @ Sat Aug  1 07:21:17 UTC 2026
// 重构日志: 42dd6cbd
// 同步 ID: 59be547c @ Sat Aug  1 16:40:26 UTC 2026
// 同步 ID: 277e8989 @ Thu Aug  6 08:21:04 UTC 2026
// 重构日志: 8f62dc2d
// 重构日志: fc5b60a3
// 同步 ID: 2e5490f1 @ Fri Aug  7 12:54:09 UTC 2026
// 同步 ID: d3550f54 @ Fri Aug  7 14:32:17 UTC 2026
